// Jest Snapshot v1, https://goo.gl/fbAQLP

exports[`Vertical Navigation component 
  expanded: false, menus: [{"name":"patient_360","label":"Patient 360","icon":"assignment_ind","link":"/patient360","count":10,"group":"Section 1"},{"name":"care_management","label":"Care Management and Resources","icon":"forum","group":"Section 2","subMenu":[{"name":"care_management.timeline","label":"Timeline","icon":"assignment_ind"},{"name":"care_management.care_plans","label":"Care Plans","icon":"events"}]},{"name":"episodes","label":"Episodes","disabled":true,"icon":"airline_seat_flat_angled","group":"Section 2","count":100},{"name":"risk","label":"Risk","icon":"favorite","group":"Section 2","subMenu":[{"name":"risk.timeline","label":"Timeline"},{"name":"risk.care_plans","label":"Care Plans"}]}], active: {"name":"care_management.timeline"}, onClick: "[Function]", onToggle: "[Function]"
 1`] = `
<body>
  <div>
    <div
      class="VerticalNav"
    >
      <div
        id="vertical-nav-menu"
      >
        <a
          class="MenuItem MenuItem--vertical MenuItem--collapsed MenuItem-animate"
          data-test="DesignSystem-VerticalNav--Item"
          href="/patient360"
          tabindex="0"
        >
          <div
            class="d-flex align-items-center overflow-hidden"
          >
            <i
              class="material-icons material-icons-round Icon Icon--default MenuItem-animate "
              data-test="DesignSystem-VerticalNav--Icon"
              role="button"
              style="font-size: 16px; width: 16px;"
            >
              assignment_ind_round
            </i>
          </div>
        </a>
      </div>
      <div
        id="vertical-nav-menu"
      >
        <a
          class="MenuItem MenuItem--vertical MenuItem--collapsed MenuItem-animate"
          data-test="DesignSystem-VerticalNav--Item"
          tabindex="0"
        >
          <div
            class="d-flex align-items-center overflow-hidden"
          >
            <i
              class="material-icons material-icons-round Icon Icon--default MenuItem-animate "
              data-test="DesignSystem-VerticalNav--Icon"
              role="button"
              style="font-size: 16px; width: 16px;"
            >
              forum_round
            </i>
          </div>
        </a>
      </div>
      <div>
        <style>
          
        @keyframes menuItem-open {
          from { 
            max-height: 0;
          }
          to {
            max-height: 0px;
          }
        }
        @keyframes menuItem-close {
          from {
            max-height: 0px;
          }
          to {
            max-height: 0;
          }
        }
        
        </style>
        <div
          id="vertical-nav-menu"
        >
          <a
            class="MenuItem MenuItem--vertical MenuItem--collapsed MenuItem--active MenuItem-animate"
            tabindex="0"
          >
            <div
              class="d-flex align-items-center overflow-hidden"
            >
              <i
                class="material-icons material-icons-round Icon Icon--primaryDark MenuItem-animate "
                data-test="DesignSystem-VerticalNav--Icon"
                role="button"
                style="font-size: 16px; width: 16px;"
              >
                assignment_ind_round
              </i>
            </div>
          </a>
        </div>
        <div
          id="vertical-nav-menu"
        >
          <a
            class="MenuItem MenuItem--vertical MenuItem--collapsed MenuItem-animate"
            tabindex="0"
          >
            <div
              class="d-flex align-items-center overflow-hidden"
            >
              <i
                class="material-icons material-icons-round Icon Icon--default MenuItem-animate "
                data-test="DesignSystem-VerticalNav--Icon"
                role="button"
                style="font-size: 16px; width: 16px;"
              >
                events_round
              </i>
            </div>
          </a>
        </div>
      </div>
      <div
        id="vertical-nav-menu"
      >
        <a
          class="MenuItem MenuItem--vertical MenuItem--collapsed MenuItem--disabled MenuItem-animate"
          data-test="DesignSystem-VerticalNav--Item"
          tabindex="0"
        >
          <div
            class="d-flex align-items-center overflow-hidden"
          >
            <i
              class="material-icons material-icons-round Icon Icon--disabled MenuItem-animate "
              data-test="DesignSystem-VerticalNav--Icon"
              role="button"
              style="font-size: 16px; width: 16px;"
            >
              airline_seat_flat_angled_round
            </i>
          </div>
        </a>
      </div>
      <div
        id="vertical-nav-menu"
      >
        <a
          class="MenuItem MenuItem--vertical MenuItem--collapsed MenuItem-animate"
          data-test="DesignSystem-VerticalNav--Item"
          tabindex="0"
        >
          <div
            class="d-flex align-items-center overflow-hidden"
          >
            <i
              class="material-icons material-icons-round Icon Icon--default MenuItem-animate "
              data-test="DesignSystem-VerticalNav--Icon"
              role="button"
              style="font-size: 16px; width: 16px;"
            >
              favorite_round
            </i>
          </div>
        </a>
      </div>
    </div>
  </div>
</body>
`;

exports[`Vertical Navigation component 
  expanded: true, rounded: [true,false], menus: [{"name":"patient_360","label":"Patient 360","icon":"assignment_ind","link":"/patient360","count":10,"group":"Section 1"},{"name":"care_management","label":"Care Management and Resources","icon":"forum","group":"Section 2","subMenu":[{"name":"care_management.timeline","label":"Timeline","icon":"assignment_ind"},{"name":"care_management.care_plans","label":"Care Plans","icon":"events"}]},{"name":"episodes","label":"Episodes","disabled":true,"icon":"airline_seat_flat_angled","group":"Section 2","count":100},{"name":"risk","label":"Risk","icon":"favorite","group":"Section 2","subMenu":[{"name":"risk.timeline","label":"Timeline"},{"name":"risk.care_plans","label":"Care Plans"}]}], active: {"name":"care_management.timeline"}, onClick: "[Function]", onToggle: "[Function]"
 1`] = `
<body>
  <div>
    <div
      class="VerticalNav VerticalNav--expanded"
    >
      <div
        class="VerticalNav-section"
      >
        <span
          class="Text Text--subtle Text--strong Text--small"
          data-test="DesignSystem-VerticalNav--Section"
        >
          Section 1
        </span>
      </div>
      <div
        id="vertical-nav-menu"
      >
        <a
          class="MenuItem MenuItem--vertical MenuItem--expanded MenuItem--rounded MenuItem-animate"
          data-test="DesignSystem-VerticalNav--Item"
          href="/patient360"
          tabindex="0"
        >
          <div
            class="d-flex align-items-center overflow-hidden"
          >
            <i
              class="material-icons material-icons-round Icon Icon--default MenuItem-animate mr-4 "
              data-test="DesignSystem-VerticalNav--Icon"
              role="button"
              style="font-size: 16px; width: 16px;"
            >
              assignment_ind_round
            </i>
            <span
              class="Text Text--regular color-inverse MenuItem-animate MenuItem-label--expanded"
              data-test="DesignSystem-VerticalNav--Text"
            >
              Patient 360
            </span>
          </div>
          <span
            class="Pills Badge--secondary MenuItem-count MenuItem-animate"
            data-test="DesignSystem-VerticalNav--Pills"
          >
            10
          </span>
        </a>
      </div>
      <div
        class="VerticalNav-section VerticalNav-section--border"
      >
        <span
          class="Text Text--subtle Text--strong Text--small"
          data-test="DesignSystem-VerticalNav--Section"
        >
          Section 2
        </span>
      </div>
      <div
        id="vertical-nav-menu"
      >
        <a
          class="MenuItem MenuItem--vertical MenuItem--expanded MenuItem--rounded MenuItem-animate"
          data-test="DesignSystem-VerticalNav--Item"
          tabindex="0"
        >
          <div
            class="d-flex align-items-center overflow-hidden"
          >
            <i
              class="material-icons material-icons-round Icon Icon--default MenuItem-animate mr-4 "
              data-test="DesignSystem-VerticalNav--Icon"
              role="button"
              style="font-size: 16px; width: 16px;"
            >
              forum_round
            </i>
            <span
              class="Text Text--regular color-inverse MenuItem-animate MenuItem-label--expanded"
              data-test="DesignSystem-VerticalNav--Text"
            >
              Care Management and Resources
            </span>
          </div>
          <i
            class="material-icons material-icons-round Icon Icon--subtle mx-4 Arrow-Icon--up"
            role="button"
            style="font-size: 16px; width: 16px;"
          >
            keyboard_arrow_down_round
          </i>
        </a>
      </div>
      <div
        style="animation: menuItem-open var(--duration--moderate-02) var(--standard-productive-curve);"
      >
        <style>
          
        @keyframes menuItem-open {
          from { 
            max-height: 0;
          }
          to {
            max-height: 0px;
          }
        }
        @keyframes menuItem-close {
          from {
            max-height: 0px;
          }
          to {
            max-height: 0;
          }
        }
        
        </style>
        <div
          id="vertical-nav-menu"
        >
          <a
            class="MenuItem MenuItem--vertical MenuItem--expanded MenuItem--active MenuItem--subMenu MenuItem--rounded MenuItem-animate Item--expand"
            tabindex="0"
          >
            <div
              class="d-flex align-items-center overflow-hidden"
            >
              <i
                class="material-icons material-icons-round Icon Icon--primaryDark MenuItem-animate mr-4 "
                data-test="DesignSystem-VerticalNav--Icon"
                role="button"
                style="font-size: 16px; width: 16px;"
              >
                assignment_ind_round
              </i>
              <span
                class="Text Text--regular color-primary-dark MenuItem-animate MenuItem-label--expanded"
                data-test="DesignSystem-VerticalNav--Text"
              >
                Timeline
              </span>
            </div>
          </a>
        </div>
        <div
          id="vertical-nav-menu"
        >
          <a
            class="MenuItem MenuItem--vertical MenuItem--expanded MenuItem--subMenu MenuItem--rounded MenuItem-animate Item--expand"
            tabindex="0"
          >
            <div
              class="d-flex align-items-center overflow-hidden"
            >
              <i
                class="material-icons material-icons-round Icon Icon--default MenuItem-animate mr-4 "
                data-test="DesignSystem-VerticalNav--Icon"
                role="button"
                style="font-size: 16px; width: 16px;"
              >
                events_round
              </i>
              <span
                class="Text Text--regular color-inverse MenuItem-animate MenuItem-label--expanded"
                data-test="DesignSystem-VerticalNav--Text"
              >
                Care Plans
              </span>
            </div>
          </a>
        </div>
      </div>
      <div
        id="vertical-nav-menu"
      >
        <a
          class="MenuItem MenuItem--vertical MenuItem--expanded MenuItem--disabled MenuItem--rounded MenuItem-animate"
          data-test="DesignSystem-VerticalNav--Item"
          tabindex="0"
        >
          <div
            class="d-flex align-items-center overflow-hidden"
          >
            <i
              class="material-icons material-icons-round Icon Icon--disabled MenuItem-animate mr-4 "
              data-test="DesignSystem-VerticalNav--Icon"
              role="button"
              style="font-size: 16px; width: 16px;"
            >
              airline_seat_flat_angled_round
            </i>
            <span
              class="Text Text--regular color-inverse-lightest MenuItem-animate MenuItem-label--expanded"
              data-test="DesignSystem-VerticalNav--Text"
            >
              Episodes
            </span>
          </div>
          <span
            class="Pills Badge--subtle-secondary MenuItem-count MenuItem-count--disabled MenuItem-animate"
            data-test="DesignSystem-VerticalNav--Pills"
          >
            99+
          </span>
        </a>
      </div>
      <div
        id="vertical-nav-menu"
      >
        <a
          class="MenuItem MenuItem--vertical MenuItem--expanded MenuItem--rounded MenuItem-animate"
          data-test="DesignSystem-VerticalNav--Item"
          tabindex="0"
        >
          <div
            class="d-flex align-items-center overflow-hidden"
          >
            <i
              class="material-icons material-icons-round Icon Icon--default MenuItem-animate mr-4 "
              data-test="DesignSystem-VerticalNav--Icon"
              role="button"
              style="font-size: 16px; width: 16px;"
            >
              favorite_round
            </i>
            <span
              class="Text Text--regular color-inverse MenuItem-animate MenuItem-label--expanded"
              data-test="DesignSystem-VerticalNav--Text"
            >
              Risk
            </span>
          </div>
          <i
            class="material-icons material-icons-round Icon Icon--subtle mx-4 "
            role="button"
            style="font-size: 16px; width: 16px;"
          >
            keyboard_arrow_down_round
          </i>
        </a>
      </div>
    </div>
  </div>
</body>
`;
